Loading models...
✅ SOH model for 0.3C loaded
✅ SOH model for 1.0C loaded
✅ 0.3C reconstruction model (v10 knee) loaded
✅ 1.0C reconstruction model (v10 knee) loaded
✅ Module SOH model for 0.3C loaded
✅ Module SOH model for 1.0C loaded
✅ Startup complete!

 * Serving Flask app 'app'
 * Debug mode: on
WARNING: This is a development server. Do not use it in a production deployment. Use a production WSGI server instead.
 * Running on all addresses (0.0.0.0)
 * Running on http://127.0.0.1:5000
 * Running on http://192.168.100.239:5000
Press CTRL+C to quit
 * Restarting with watchdog (windowsapi)
 * Debugger is active!
 * Debugger PIN: 136-839-203
127.0.0.1 - - [21/Jul/2026 23:54:58] "GET / HTTP/1.1" 200 -
127.0.0.1 - - [21/Jul/2026 23:54:58] "GET / HTTP/1.1" 200 -
127.0.0.1 - - [21/Jul/2026 23:55:09] "POST /analyze HTTP/1.1" 200 -
127.0.0.1 - - [21/Jul/2026 23:56:14] "POST /analyze HTTP/1.1" 200 -
127.0.0.1 - - [21/Jul/2026 23:56:29] "GET / HTTP/1.1" 200 -
127.0.0.1 - - [21/Jul/2026 23:56:30] "GET /favicon.ico HTTP/1.1" 404 -
127.0.0.1 - - [21/Jul/2026 23:56:44] "POST /analyze HTTP/1.1" 200 -
127.0.0.1 - - [21/Jul/2026 23:57:46] "POST /analyze HTTP/1.1" 200 -
127.0.0.1 - - [21/Jul/2026 23:59:01] "POST /analyze HTTP/1.1" 200 -
 * Detected change in 'D:\\ev_battery\\EV_BATTERY\\TEST_CASE\\module_capacity_extrapolation.py', reloading
Loading models...
✅ SOH model for 0.3C loaded
✅ SOH model for 1.0C loaded
✅ 0.3C reconstruction model (v10 knee) loaded
✅ 1.0C reconstruction model (v10 knee) loaded
✅ Module SOH model for 0.3C loaded
✅ Module SOH model for 1.0C loaded
✅ Startup complete!

Reading SFT file: pk1-62-08062021-SFT-1.0C 202605201243 Characterisation Test.csv
Reading FFT file: pk1-62-08062021-FFCT-1.0C 202605201620 Characterisation Test.csv
Detected C-rate: 1.0
Analyzing per-module SOH...
   Weakest module (predicted): 5  (actual): 1
Predicted SOH: 93.50%, Capacity: 145.08 Ah  (source=module_derived)
Extracting FFT ground truth...
Found 3411 FFT points. Actual Capacity: 147.19 Ah, Actual SOH: 94.36%
Reconstructing complete global curve from SFT...
Reconstruction complete. SFT tail starts at 63.27 Ah of the reconstructed curve.
✅ Found 3.2V cutoff at 133.90 Ah (index 272)
Reconstruction MAE: 6.22 mV
Detecting discharge knee point...
   Predicted knee: 130.46 Ah @ 3.228V
   Actual knee:    131.68 Ah @ 3.214V
Generating plot...
Plot generated successfully
Reading SFT file: pk1-62-08062021-SFT-1.0C 202605201243 Characterisation Test (1).csv
Reading FFT file: pk1-62-08062021-FFCT-1.0C 202605201620 Characterisation Test (1).csv
Detected C-rate: 1.0
Analyzing per-module SOH...
   Weakest module (predicted): 5  (actual): 1
Predicted SOH: 93.50%, Capacity: 145.08 Ah  (source=module_derived)
Extracting FFT ground truth...
Found 3411 FFT points. Actual Capacity: 147.19 Ah, Actual SOH: 94.36%
Reconstructing complete global curve from SFT...
Reconstruction complete. SFT tail starts at 63.27 Ah of the reconstructed curve.
✅ Found 3.2V cutoff at 133.90 Ah (index 272)
Reconstruction MAE: 6.22 mV
Detecting discharge knee point...
   Predicted knee: 130.46 Ah @ 3.228V
   Actual knee:    131.68 Ah @ 3.214V
Generating plot...
Plot generated successfully
Reading SFT file: pk1-62-08062021-SFT-1.0C 202605201243 Characterisation Test (1).csv
Reading FFT file: pk1-62-08062021-FFCT-1.0C 202605201620 Characterisation Test (1).csv
Detected C-rate: 1.0
Analyzing per-module SOH...
   Weakest module (predicted): 5  (actual): 1
Predicted SOH: 93.50%, Capacity: 145.08 Ah  (source=module_derived)
Extracting FFT ground truth...
Found 3411 FFT points. Actual Capacity: 147.19 Ah, Actual SOH: 94.36%
Reconstructing complete global curve from SFT...
Reconstruction complete. SFT tail starts at 63.27 Ah of the reconstructed curve.
✅ Found 3.2V cutoff at 133.90 Ah (index 272)
Reconstruction MAE: 6.22 mV
Detecting discharge knee point...
   Predicted knee: 130.46 Ah @ 3.228V
   Actual knee:    131.68 Ah @ 3.214V
Generating plot...
Plot generated successfully
Reading SFT file: pk3-enyaq-13112021 202606180100 SFT 1.0C Short Function Test.csv
Reading FFT file: pk3-enyaq-13112021-FFCT-1.0C 202607020054 Characterisation Test.csv
Detected C-rate: 1.0
Analyzing per-module SOH...
   Weakest module (predicted): 7  (actual): 7
Predicted SOH: 92.45%, Capacity: 143.52 Ah  (source=module_derived)
Extracting FFT ground truth...
Found 3316 FFT points. Actual Capacity: 143.00 Ah, Actual SOH: 91.67%
Reconstructing complete global curve from SFT...
Reconstruction complete. SFT tail starts at 83.06 Ah of the reconstructed curve.
✅ Found 3.2V cutoff at 130.57 Ah (index 273)
Reconstruction MAE: 4.93 mV
Detecting discharge knee point...
   Predicted knee: 129.61 Ah @ 3.206V
   Actual knee:    128.10 Ah @ 3.219V
Generating plot...
Plot generated successfully
Reading SFT file: pk6-06022023 202606240054 SFT 1.0C Short Function Test.csv
Reading FFT file: pk6-06022023-ROB6223W-FFCT-1.0C 202607010101 Characterisation Test.csv
Detected C-rate: 1.0
Analyzing per-module SOH...
   Weakest module (predicted): 6  (actual): 8
Predicted SOH: 92.66%, Capacity: 143.52 Ah  (source=module_derived)
Extracting FFT ground truth...
Found 3338 FFT points. Actual Capacity: 143.93 Ah, Actual SOH: 92.27%
Reconstructing complete global curve from SFT...
Reconstruction complete. SFT tail starts at 90.17 Ah of the reconstructed curve.
✅ Found 3.2V cutoff at 130.94 Ah (index 272)
Reconstruction MAE: 6.89 mV
Detecting discharge knee point...
   Predicted knee: 127.57 Ah @ 3.223V
   Actual knee:    127.42 Ah @ 3.231V
Generating plot...
Plot generated successfully
