Loading models...
✅ SOH model for 0.3C loaded
✅ SOH model for 1.0C loaded
✅ 0.3C reconstruction model (v10 knee) loaded
✅ 1.0C reconstruction model (v10 knee) loaded
✅ Module SOH model for 0.3C loaded
✅ Module SOH model for 1.0C loaded
✅ Startup complete!

 * Serving Flask app 'app'
 * Debug mode: on
WARNING: This is a development server. Do not use it in a production deployment. Use a production WSGI server instead.
 * Running on all addresses (0.0.0.0)
 * Running on http://127.0.0.1:5000
 * Running on http://192.168.100.239:5000
Press CTRL+C to quit
 * Restarting with watchdog (windowsapi)
 * Debugger is active!
 * Debugger PIN: 136-839-203
127.0.0.1 - - [21/Jul/2026 22:18:35] "GET / HTTP/1.1" 200 -
127.0.0.1 - - [21/Jul/2026 22:18:56] "GET / HTTP/1.1" 200 -
127.0.0.1 - - [21/Jul/2026 22:19:05] "POST /analyze HTTP/1.1" 200 -
127.0.0.1 - - [21/Jul/2026 22:19:15] "POST /analyze HTTP/1.1" 200 -
127.0.0.1 - - [21/Jul/2026 22:20:44] "GET / HTTP/1.1" 200 -
127.0.0.1 - - [21/Jul/2026 22:20:44] "GET /favicon.ico HTTP/1.1" 404 -
127.0.0.1 - - [21/Jul/2026 22:21:05] "POST /analyze HTTP/1.1" 200 -
127.0.0.1 - - [21/Jul/2026 22:25:17] "POST /analyze HTTP/1.1" 200 -
127.0.0.1 - - [21/Jul/2026 22:26:17] "POST /analyze HTTP/1.1" 200 -
127.0.0.1 - - [21/Jul/2026 22:27:03] "POST /analyze HTTP/1.1" 200 -
127.0.0.1 - - [21/Jul/2026 22:28:12] "POST /analyze HTTP/1.1" 200 -
127.0.0.1 - - [21/Jul/2026 22:29:17] "POST /analyze HTTP/1.1" 200 -
127.0.0.1 - - [21/Jul/2026 22:30:22] "POST /analyze HTTP/1.1" 200 -
127.0.0.1 - - [21/Jul/2026 22:30:59] "POST /analyze HTTP/1.1" 200 -
127.0.0.1 - - [21/Jul/2026 22:31:48] "POST /analyze HTTP/1.1" 200 -
127.0.0.1 - - [21/Jul/2026 22:32:31] "POST /analyze HTTP/1.1" 200 -
127.0.0.1 - - [21/Jul/2026 22:32:37] "POST /analyze HTTP/1.1" 200 -
127.0.0.1 - - [21/Jul/2026 22:33:06] "POST /analyze HTTP/1.1" 200 -
 * Detected change in 'C:\\Users\\ZeshanFarooq\\AppData\\Local\\Programs\\Python\\Python311\\Lib\\site-packages\\pip\\_vendor\\pyparsing\\core.py', reloading
Loading models...
✅ SOH model for 0.3C loaded
✅ SOH model for 1.0C loaded
✅ 0.3C reconstruction model (v10 knee) loaded
✅ 1.0C reconstruction model (v10 knee) loaded
✅ Module SOH model for 0.3C loaded
✅ Module SOH model for 1.0C loaded
✅ Startup complete!

Reading SFT file: pk4-60pc-29052021-SFT-0.3C 202605121634 Characterisation Test.csv
Reading FFT file: pk4-60pc-29052021-FFCT-0.3C 202605130802 Characterisation Test.csv
Detected C-rate: 0.3
Extracting SOH features...
Predicting SOH...
Predicted SOH: 93.83%, Capacity: 145.08 Ah
Extracting FFT ground truth...
Found 11170 FFT points. Actual Capacity: 145.82 Ah, Actual SOH: 93.47%
Reconstructing complete global curve from SFT...
Reconstruction complete. SFT tail starts at 63.26 Ah of the reconstructed curve.
✅ Found 3.2V cutoff at 145.33 Ah (index 298)
Reconstruction MAE: 4.10 mV
Detecting discharge knee point...
   Predicted knee: 131.19 Ah @ 3.390V
   Actual knee:    121.81 Ah @ 3.442V
Analyzing per-module SOH...
   Weakest module (predicted): 7  (actual): 7
Generating plot...
Plot generated successfully
Reading SFT file: pk4-60pc-29052021-SFT-0.3C 202605121634 Characterisation Test.csv
Reading FFT file: pk4-60pc-29052021-FFCT-0.3C 202605130802 Characterisation Test.csv
Detected C-rate: 0.3
Extracting SOH features...
Predicting SOH...
Predicted SOH: 93.83%, Capacity: 145.08 Ah
Extracting FFT ground truth...
Found 11170 FFT points. Actual Capacity: 145.82 Ah, Actual SOH: 93.47%
Reconstructing complete global curve from SFT...
Reconstruction complete. SFT tail starts at 63.26 Ah of the reconstructed curve.
✅ Found 3.2V cutoff at 145.33 Ah (index 298)
Reconstruction MAE: 4.10 mV
Detecting discharge knee point...
   Predicted knee: 131.19 Ah @ 3.390V
   Actual knee:    121.81 Ah @ 3.442V
Analyzing per-module SOH...
   Weakest module (predicted): 7  (actual): 7
Generating plot...
Plot generated successfully
Reading SFT file: pk1-62-08062021-SFT-0.3C 202604281055 Characterisation Test (1).csv
Reading FFT file: pk1-62-08062021-FFCT-0.3C 202605151215 Characterisation Test (1).csv
Detected C-rate: 0.3
Extracting SOH features...
Predicting SOH...
Predicted SOH: 95.60%, Capacity: 148.20 Ah
Extracting FFT ground truth...
Found 11445 FFT points. Actual Capacity: 149.41 Ah, Actual SOH: 95.77%
Reconstructing complete global curve from SFT...
Reconstruction complete. SFT tail starts at 66.72 Ah of the reconstructed curve.
✅ Found 3.2V cutoff at 146.41 Ah (index 293)
Reconstruction MAE: 0.75 mV
Detecting discharge knee point...
   Predicted knee: 137.91 Ah @ 3.352V
   Actual knee:    137.16 Ah @ 3.358V
Analyzing per-module SOH...
   Weakest module (predicted): 5  (actual): 1
Generating plot...
Plot generated successfully
Reading SFT file: pk1-62-08062021-SFT-1.0C 202605201243 Characterisation Test (1).csv
Reading FFT file: pk1-62-08062021-FFCT-1.0C 202605201620 Characterisation Test (2).csv
Detected C-rate: 1.0
Extracting SOH features...
Predicting SOH...
Predicted SOH: 93.97%, Capacity: 145.08 Ah
Extracting FFT ground truth...
Found 3411 FFT points. Actual Capacity: 147.19 Ah, Actual SOH: 94.36%
Reconstructing complete global curve from SFT...
Reconstruction complete. SFT tail starts at 63.27 Ah of the reconstructed curve.
✅ Found 3.2V cutoff at 133.90 Ah (index 272)
Reconstruction MAE: 6.22 mV
Detecting discharge knee point...
   Predicted knee: 130.46 Ah @ 3.228V
   Actual knee:    131.68 Ah @ 3.214V
Analyzing per-module SOH...
   Weakest module (predicted): 5  (actual): 5
Generating plot...
Plot generated successfully
Reading SFT file: pk1-62-08062021-SFT-0.3C 202604281055 Characterisation Test.csv
Reading FFT file: pk1-62-08062021-FFCT-0.3C 202605151215 Characterisation Test (1).csv
Detected C-rate: 0.3
Extracting SOH features...
Predicting SOH...
Predicted SOH: 95.60%, Capacity: 148.20 Ah
Extracting FFT ground truth...
Found 11445 FFT points. Actual Capacity: 149.41 Ah, Actual SOH: 95.77%
Reconstructing complete global curve from SFT...
Reconstruction complete. SFT tail starts at 66.72 Ah of the reconstructed curve.
✅ Found 3.2V cutoff at 146.41 Ah (index 293)
Reconstruction MAE: 0.75 mV
Detecting discharge knee point...
   Predicted knee: 137.91 Ah @ 3.352V
   Actual knee:    137.16 Ah @ 3.358V
Analyzing per-module SOH...
   Weakest module (predicted): 5  (actual): 1
Generating plot...
Plot generated successfully
Reading SFT file: pk2-enyaq-23072021-SFT-0.3C 202604291559 Characterisation Test (1).csv
Reading FFT file: pk2-enyaq-23072021-FFCT-0.3C 202605141057 Characterisation Test.csv
Detected C-rate: 0.3
Extracting SOH features...
Predicting SOH...
Predicted SOH: 95.22%, Capacity: 148.20 Ah
Extracting FFT ground truth...
Found 11357 FFT points. Actual Capacity: 148.26 Ah, Actual SOH: 95.04%
Reconstructing complete global curve from SFT...
Reconstruction complete. SFT tail starts at 46.24 Ah of the reconstructed curve.
✅ Found 3.2V cutoff at 144.79 Ah (index 292)
Reconstruction MAE: 1.32 mV
Detecting discharge knee point...
   Predicted knee: 136.36 Ah @ 3.355V
   Actual knee:    136.09 Ah @ 3.354V
Analyzing per-module SOH...
   Weakest module (predicted): 6  (actual): 6
Generating plot...
Plot generated successfully
Reading SFT file: pk3-enyaq-13112021-SFCT-0.3C 202606121313 Characterisation Test (1).csv
Reading FFT file: pk3-enyaq-13112021-FFCT-0.3C 202606130656 Characterisation Test.csv
Detected C-rate: 0.3
Extracting SOH features...
Predicting SOH...
Predicted SOH: 95.10%, Capacity: 148.20 Ah
Extracting FFT ground truth...
Found 11375 FFT points. Actual Capacity: 148.49 Ah, Actual SOH: 95.19%
Reconstructing complete global curve from SFT...
Reconstruction complete. SFT tail starts at 75.47 Ah of the reconstructed curve.
✅ Found 3.2V cutoff at 146.01 Ah (index 294)
Reconstruction MAE: 0.99 mV
Detecting discharge knee point...
   Predicted knee: 136.57 Ah @ 3.357V
   Actual knee:    136.40 Ah @ 3.359V
Analyzing per-module SOH...
   Weakest module (predicted): 3  (actual): 7
Generating plot...
Plot generated successfully
Reading SFT file: pk3-enyaq-13112021 202606180100 SFT 1.0C Short Function Test.csv
Reading FFT file: pk3-enyaq-13112021-FFCT-1.0C 202607020054 Characterisation Test.csv
Detected C-rate: 1.0
Extracting SOH features...
Predicting SOH...
Predicted SOH: 87.25%, Capacity: 135.72 Ah
Extracting FFT ground truth...
Found 3316 FFT points. Actual Capacity: 143.00 Ah, Actual SOH: 91.67%
Reconstructing complete global curve from SFT...
Reconstruction complete. SFT tail starts at 83.06 Ah of the reconstructed curve.
✅ Found 3.2V cutoff at 130.57 Ah (index 273)
Reconstruction MAE: 4.93 mV
Detecting discharge knee point...
   Predicted knee: 129.61 Ah @ 3.206V
   Actual knee:    128.10 Ah @ 3.219V
Analyzing per-module SOH...
   Weakest module (predicted): 3  (actual): 7
Generating plot...
Plot generated successfully
Reading SFT file: pk3-enyaq-13112021 202606180100 SFT 1.0C Short Function Test.csv
Reading FFT file: pk3-enyaq-13112021-FFCT-1.0C 202607020054 Characterisation Test.csv
Detected C-rate: 1.0
Extracting SOH features...
Predicting SOH...
Predicted SOH: 87.25%, Capacity: 135.72 Ah
Extracting FFT ground truth...
Found 3316 FFT points. Actual Capacity: 143.00 Ah, Actual SOH: 91.67%
Reconstructing complete global curve from SFT...
Reconstruction complete. SFT tail starts at 83.06 Ah of the reconstructed curve.
⚠️ Curve doesn't reach 2.5V, using final capacity: 143.00 Ah
Reconstruction MAE: 4.93 mV
Detecting discharge knee point...
   Predicted knee: 129.61 Ah @ 3.206V
   Actual knee:    128.10 Ah @ 3.219V
Analyzing per-module SOH...
   Weakest module (predicted): 3  (actual): 7
Generating plot...
Plot generated successfully
Reading SFT file: pk4-60-29052021-SFT-1C 202605260645 Characterisation Test.csv
Reading FFT file: pk4-60pc-29052021-FFCT-1.0C 202606120001 Characterisation Test (1).csv
Detected C-rate: 1.0
Extracting SOH features...
Predicting SOH...
Predicted SOH: 91.17%, Capacity: 141.96 Ah
Extracting FFT ground truth...
Found 3223 FFT points. Actual Capacity: 138.96 Ah, Actual SOH: 89.08%
Reconstructing complete global curve from SFT...
Reconstruction complete. SFT tail starts at 60.88 Ah of the reconstructed curve.
⚠️ Curve doesn't reach 2.5V, using final capacity: 138.96 Ah
Reconstruction MAE: 15.71 mV
Detecting discharge knee point...
   Predicted knee: 124.09 Ah @ 3.216V
   Actual knee:    122.49 Ah @ 3.239V
Analyzing per-module SOH...
   Weakest module (predicted): 7  (actual): 7
Generating plot...
Plot generated successfully
Reading SFT file: pk4-60pc-29052021-SFT-0.3C 202605121634 Characterisation Test (1).csv
Reading FFT file: pk4-60pc-29052021-FFCT-0.3C 202605130802 Characterisation Test.csv
Detected C-rate: 0.3
Extracting SOH features...
Predicting SOH...
Predicted SOH: 93.83%, Capacity: 145.08 Ah
Extracting FFT ground truth...
Found 11170 FFT points. Actual Capacity: 145.82 Ah, Actual SOH: 93.47%
Reconstructing complete global curve from SFT...
Reconstruction complete. SFT tail starts at 63.26 Ah of the reconstructed curve.
⚠️ Curve doesn't reach 2.5V, using final capacity: 145.82 Ah
Reconstruction MAE: 4.10 mV
Detecting discharge knee point...
   Predicted knee: 131.19 Ah @ 3.390V
   Actual knee:    121.81 Ah @ 3.442V
Analyzing per-module SOH...
   Weakest module (predicted): 7  (actual): 7
Generating plot...
Plot generated successfully
Reading SFT file: pk5-213k-07112020-RLL70785-SFCT-0.3C 202607010827 Characterisation Test (1).csv
Reading FFT file: pk5-213k-07112020-RLL70785-FFCT-0.3C 202607011605 Characterisation Test (1).csv
Detected C-rate: 0.3
Extracting SOH features...
Predicting SOH...
Predicted SOH: 87.23%, Capacity: 135.72 Ah
Extracting FFT ground truth...
Found 10373 FFT points. Actual Capacity: 135.38 Ah, Actual SOH: 86.78%
Reconstructing complete global curve from SFT...
Reconstruction complete. SFT tail starts at 56.20 Ah of the reconstructed curve.
⚠️ Curve doesn't reach 2.5V, using final capacity: 135.38 Ah
Reconstruction MAE: 3.76 mV
Detecting discharge knee point...
   Predicted knee: 119.53 Ah @ 3.396V
   Actual knee:    112.60 Ah @ 3.430V
Analyzing per-module SOH...
   Weakest module (predicted): 6  (actual): 6
Generating plot...
Plot generated successfully
Reading SFT file: pk5-213k-07112020-RLL70785-SFCT-0.3C 202607010827 Characterisation Test (1).csv
Reading FFT file: pk5-213k-07112020-RLL70785-FFCT-0.3C 202607011605 Characterisation Test (1).csv
Detected C-rate: 0.3
Extracting SOH features...
Predicting SOH...
Predicted SOH: 87.23%, Capacity: 135.72 Ah
Extracting FFT ground truth...
Found 10373 FFT points. Actual Capacity: 135.38 Ah, Actual SOH: 86.78%
Reconstructing complete global curve from SFT...
Reconstruction complete. SFT tail starts at 56.20 Ah of the reconstructed curve.
✅ Found 3.2V cutoff at 134.47 Ah (index 297)
Reconstruction MAE: 3.76 mV
Detecting discharge knee point...
   Predicted knee: 119.53 Ah @ 3.396V
   Actual knee:    112.60 Ah @ 3.430V
Analyzing per-module SOH...
   Weakest module (predicted): 6  (actual): 6
Generating plot...
Plot generated successfully
Reading SFT file: pk6-06022023 202606240054 SFT 1.0C Short Function Test.csv
Reading FFT file: pk6-06022023-ROB6223W-FFCT-1.0C 202607010101 Characterisation Test.csv
Detected C-rate: 1.0
Extracting SOH features...
Predicting SOH...
Predicted SOH: 82.14%, Capacity: 127.92 Ah
Extracting FFT ground truth...
Found 3338 FFT points. Actual Capacity: 143.93 Ah, Actual SOH: 92.27%
Reconstructing complete global curve from SFT...
Reconstruction complete. SFT tail starts at 90.17 Ah of the reconstructed curve.
✅ Found 3.2V cutoff at 130.94 Ah (index 272)
Reconstruction MAE: 6.89 mV
Detecting discharge knee point...
   Predicted knee: 127.57 Ah @ 3.223V
   Actual knee:    127.42 Ah @ 3.231V
Analyzing per-module SOH...
   Weakest module (predicted): 8  (actual): 8
Generating plot...
Plot generated successfully
